Updated 8 files:
01_Docs\Roadmap.md
01_Docs\Vision.md
03_Architecture\Ameer_Architecture_Overview.md
03_Architecture\Ameer_Operating_Model.md
03_Architecture\Architecture_Index.md
03_Architecture\communication.md
03_Architecture\communication_AR.md
03_Architecture\Execution_Plan_AR.md

Skipped 26 files already containing the standard Arabic support heading:
.github\agents\ameer.agent.md
01_Docs\Ameer_Constitution_v0.1.md
01_Docs\Master_Plan.md
01_Docs\Requirements.md
03_Architecture\Decision_Engine.md
03_Architecture\Execution_Plan.md
03_Architecture\Learning_System.md
03_Architecture\Memory_System.md
03_Architecture\mind.md
03_Architecture\Permission_System.md
03_Architecture\Personality.md
03_Architecture\Proactive_Engine.md
03_Architecture\Security.md
03_Architecture\Tool_System.md
04_Memory\Finance.md
04_Memory\Founder.md
04_Memory\Goals.md
04_Memory\Health.md
04_Memory\Index.md
04_Memory\Knowledge.md
04_Memory\Preferences.md
04_Memory\Projects.md
04_Memory\Relationships.md
04_Memory\Routine.md
04_Memory\Travel.md
README.md\Readme.md
